// Jest Snapshot v1, https://goo.gl/fbAQLP

exports[`My Component renders the UI as expected 1`] = `
<div
  className="messages"
>
  Messages
  <div
    className="unread_count badge"
  >
    4
  </div>
</div>
`;
